Parser warnings: - Extra text detected before JSON object
- Extra text detected after JSON object
Trajectory dumped to jobs/pilot7-glm47flash/cancel-async-tasks__2qYEpdQ/agent/trajectory.json
Parser warnings: - Extra text detected before JSON object
- Extra text detected after JSON object
Trajectory dumped to jobs/pilot7-glm47flash/cancel-async-tasks__2qYEpdQ/agent/trajectory.json
Parser warnings: - Extra text detected before JSON object
- Extra text detected after JSON object
Trajectory dumped to jobs/pilot7-glm47flash/cancel-async-tasks__2qYEpdQ/agent/trajectory.json
Parser warnings: - Extra text detected before JSON object
- Extra text detected after JSON object
Trajectory dumped to jobs/pilot7-glm47flash/cancel-async-tasks__2qYEpdQ/agent/trajectory.json
Parser warnings: - No valid JSON object found
Parser warnings: - Extra text detected before JSON object
- Extra text detected after JSON object
Trajectory dumped to jobs/pilot7-glm47flash/cancel-async-tasks__2qYEpdQ/agent/trajectory.json
Parser warnings: - Extra text detected before JSON object
- Extra text detected after JSON object
Trajectory dumped to jobs/pilot7-glm47flash/cancel-async-tasks__2qYEpdQ/agent/trajectory.json
Parser warnings: - Extra text detected before JSON object
- Extra text detected after JSON object
Trajectory dumped to jobs/pilot7-glm47flash/cancel-async-tasks__2qYEpdQ/agent/trajectory.json
Parser warnings: - Extra text detected before JSON object
- Extra text detected after JSON object
Trajectory dumped to jobs/pilot7-glm47flash/cancel-async-tasks__2qYEpdQ/agent/trajectory.json
Parser warnings: - Extra text detected before JSON object
- Extra text detected after JSON object
Trajectory dumped to jobs/pilot7-glm47flash/cancel-async-tasks__2qYEpdQ/agent/trajectory.json
Trajectory dumped to jobs/pilot7-glm47flash/cancel-async-tasks__2qYEpdQ/agent/trajectory.json
Collecting main service artifacts
