Trajectory dumped to jobs/pilot7-glm47flash/prove-plus-comm__nBdpSJG/agent/trajectory.json
Trajectory dumped to jobs/pilot7-glm47flash/prove-plus-comm__nBdpSJG/agent/trajectory.json
Trajectory dumped to jobs/pilot7-glm47flash/prove-plus-comm__nBdpSJG/agent/trajectory.json
Trajectory dumped to jobs/pilot7-glm47flash/prove-plus-comm__nBdpSJG/agent/trajectory.json
Trajectory dumped to jobs/pilot7-glm47flash/prove-plus-comm__nBdpSJG/agent/trajectory.json
Trajectory dumped to jobs/pilot7-glm47flash/prove-plus-comm__nBdpSJG/agent/trajectory.json
Trajectory dumped to jobs/pilot7-glm47flash/prove-plus-comm__nBdpSJG/agent/trajectory.json
Trajectory dumped to jobs/pilot7-glm47flash/prove-plus-comm__nBdpSJG/agent/trajectory.json
Trajectory dumped to jobs/pilot7-glm47flash/prove-plus-comm__nBdpSJG/agent/trajectory.json
Trajectory dumped to jobs/pilot7-glm47flash/prove-plus-comm__nBdpSJG/agent/trajectory.json
Trajectory dumped to jobs/pilot7-glm47flash/prove-plus-comm__nBdpSJG/agent/trajectory.json
Trajectory dumped to jobs/pilot7-glm47flash/prove-plus-comm__nBdpSJG/agent/trajectory.json
Trajectory dumped to jobs/pilot7-glm47flash/prove-plus-comm__nBdpSJG/agent/trajectory.json
Trajectory dumped to jobs/pilot7-glm47flash/prove-plus-comm__nBdpSJG/agent/trajectory.json
Trajectory dumped to jobs/pilot7-glm47flash/prove-plus-comm__nBdpSJG/agent/trajectory.json
Trajectory dumped to jobs/pilot7-glm47flash/prove-plus-comm__nBdpSJG/agent/trajectory.json
Trajectory dumped to jobs/pilot7-glm47flash/prove-plus-comm__nBdpSJG/agent/trajectory.json
Trajectory dumped to jobs/pilot7-glm47flash/prove-plus-comm__nBdpSJG/agent/trajectory.json
Trajectory dumped to jobs/pilot7-glm47flash/prove-plus-comm__nBdpSJG/agent/trajectory.json
Trajectory dumped to jobs/pilot7-glm47flash/prove-plus-comm__nBdpSJG/agent/trajectory.json
Trajectory dumped to jobs/pilot7-glm47flash/prove-plus-comm__nBdpSJG/agent/trajectory.json
Trajectory dumped to jobs/pilot7-glm47flash/prove-plus-comm__nBdpSJG/agent/trajectory.json
Trajectory dumped to jobs/pilot7-glm47flash/prove-plus-comm__nBdpSJG/agent/trajectory.json
Trajectory dumped to jobs/pilot7-glm47flash/prove-plus-comm__nBdpSJG/agent/trajectory.json
Trajectory dumped to jobs/pilot7-glm47flash/prove-plus-comm__nBdpSJG/agent/trajectory.json
Trajectory dumped to jobs/pilot7-glm47flash/prove-plus-comm__nBdpSJG/agent/trajectory.json
Parser warnings: - Command 1 should end with newline when followed by another command. Otherwise the two commands will be concatenated together on the same line.
Trajectory dumped to jobs/pilot7-glm47flash/prove-plus-comm__nBdpSJG/agent/trajectory.json
Parser warnings: - Command 1 should end with newline when followed by another command. Otherwise the two commands will be concatenated together on the same line.
Trajectory dumped to jobs/pilot7-glm47flash/prove-plus-comm__nBdpSJG/agent/trajectory.json
Parser warnings: - Command 1 should end with newline when followed by another command. Otherwise the two commands will be concatenated together on the same line.
Trajectory dumped to jobs/pilot7-glm47flash/prove-plus-comm__nBdpSJG/agent/trajectory.json
Parser warnings: - Command 1 should end with newline when followed by another command. Otherwise the two commands will be concatenated together on the same line.
- Command 2 should end with newline when followed by another command. Otherwise the two commands will be concatenated together on the same line.
Trajectory dumped to jobs/pilot7-glm47flash/prove-plus-comm__nBdpSJG/agent/trajectory.json
Trajectory dumped to jobs/pilot7-glm47flash/prove-plus-comm__nBdpSJG/agent/trajectory.json
Trajectory dumped to jobs/pilot7-glm47flash/prove-plus-comm__nBdpSJG/agent/trajectory.json
Trajectory dumped to jobs/pilot7-glm47flash/prove-plus-comm__nBdpSJG/agent/trajectory.json
Trajectory dumped to jobs/pilot7-glm47flash/prove-plus-comm__nBdpSJG/agent/trajectory.json
Trajectory dumped to jobs/pilot7-glm47flash/prove-plus-comm__nBdpSJG/agent/trajectory.json
Trajectory dumped to jobs/pilot7-glm47flash/prove-plus-comm__nBdpSJG/agent/trajectory.json
Trajectory dumped to jobs/pilot7-glm47flash/prove-plus-comm__nBdpSJG/agent/trajectory.json
Trajectory dumped to jobs/pilot7-glm47flash/prove-plus-comm__nBdpSJG/agent/trajectory.json
Trajectory dumped to jobs/pilot7-glm47flash/prove-plus-comm__nBdpSJG/agent/trajectory.json
Trajectory dumped to jobs/pilot7-glm47flash/prove-plus-comm__nBdpSJG/agent/trajectory.json
Trajectory dumped to jobs/pilot7-glm47flash/prove-plus-comm__nBdpSJG/agent/trajectory.json
Trajectory dumped to jobs/pilot7-glm47flash/prove-plus-comm__nBdpSJG/agent/trajectory.json
Trajectory dumped to jobs/pilot7-glm47flash/prove-plus-comm__nBdpSJG/agent/trajectory.json
Parser warnings: - Command 1 should end with newline when followed by another command. Otherwise the two commands will be concatenated together on the same line.
- Command 2 should end with newline when followed by another command. Otherwise the two commands will be concatenated together on the same line.
Trajectory dumped to jobs/pilot7-glm47flash/prove-plus-comm__nBdpSJG/agent/trajectory.json
Parser warnings: - Command 1 should end with newline when followed by another command. Otherwise the two commands will be concatenated together on the same line.
- Command 2 should end with newline when followed by another command. Otherwise the two commands will be concatenated together on the same line.
Trajectory dumped to jobs/pilot7-glm47flash/prove-plus-comm__nBdpSJG/agent/trajectory.json
Trajectory dumped to jobs/pilot7-glm47flash/prove-plus-comm__nBdpSJG/agent/trajectory.json
Parser warnings: - Command 1 should end with newline when followed by another command. Otherwise the two commands will be concatenated together on the same line.
Trajectory dumped to jobs/pilot7-glm47flash/prove-plus-comm__nBdpSJG/agent/trajectory.json
Trajectory dumped to jobs/pilot7-glm47flash/prove-plus-comm__nBdpSJG/agent/trajectory.json
Trajectory dumped to jobs/pilot7-glm47flash/prove-plus-comm__nBdpSJG/agent/trajectory.json
Trajectory dumped to jobs/pilot7-glm47flash/prove-plus-comm__nBdpSJG/agent/trajectory.json
Trajectory dumped to jobs/pilot7-glm47flash/prove-plus-comm__nBdpSJG/agent/trajectory.json
Trajectory dumped to jobs/pilot7-glm47flash/prove-plus-comm__nBdpSJG/agent/trajectory.json
Trajectory dumped to jobs/pilot7-glm47flash/prove-plus-comm__nBdpSJG/agent/trajectory.json
Trajectory dumped to jobs/pilot7-glm47flash/prove-plus-comm__nBdpSJG/agent/trajectory.json
Trajectory dumped to jobs/pilot7-glm47flash/prove-plus-comm__nBdpSJG/agent/trajectory.json
Trajectory dumped to jobs/pilot7-glm47flash/prove-plus-comm__nBdpSJG/agent/trajectory.json
Trajectory dumped to jobs/pilot7-glm47flash/prove-plus-comm__nBdpSJG/agent/trajectory.json
Trajectory dumped to jobs/pilot7-glm47flash/prove-plus-comm__nBdpSJG/agent/trajectory.json
Trajectory dumped to jobs/pilot7-glm47flash/prove-plus-comm__nBdpSJG/agent/trajectory.json
Trajectory dumped to jobs/pilot7-glm47flash/prove-plus-comm__nBdpSJG/agent/trajectory.json
Trajectory dumped to jobs/pilot7-glm47flash/prove-plus-comm__nBdpSJG/agent/trajectory.json
Trajectory dumped to jobs/pilot7-glm47flash/prove-plus-comm__nBdpSJG/agent/trajectory.json
Trajectory dumped to jobs/pilot7-glm47flash/prove-plus-comm__nBdpSJG/agent/trajectory.json
Trajectory dumped to jobs/pilot7-glm47flash/prove-plus-comm__nBdpSJG/agent/trajectory.json
Trajectory dumped to jobs/pilot7-glm47flash/prove-plus-comm__nBdpSJG/agent/trajectory.json
Trajectory dumped to jobs/pilot7-glm47flash/prove-plus-comm__nBdpSJG/agent/trajectory.json
Trajectory dumped to jobs/pilot7-glm47flash/prove-plus-comm__nBdpSJG/agent/trajectory.json
Trajectory dumped to jobs/pilot7-glm47flash/prove-plus-comm__nBdpSJG/agent/trajectory.json
Trajectory dumped to jobs/pilot7-glm47flash/prove-plus-comm__nBdpSJG/agent/trajectory.json
Trajectory dumped to jobs/pilot7-glm47flash/prove-plus-comm__nBdpSJG/agent/trajectory.json
Trajectory dumped to jobs/pilot7-glm47flash/prove-plus-comm__nBdpSJG/agent/trajectory.json
Trajectory dumped to jobs/pilot7-glm47flash/prove-plus-comm__nBdpSJG/agent/trajectory.json
Trajectory dumped to jobs/pilot7-glm47flash/prove-plus-comm__nBdpSJG/agent/trajectory.json
Trajectory dumped to jobs/pilot7-glm47flash/prove-plus-comm__nBdpSJG/agent/trajectory.json
Trajectory dumped to jobs/pilot7-glm47flash/prove-plus-comm__nBdpSJG/agent/trajectory.json
Trajectory dumped to jobs/pilot7-glm47flash/prove-plus-comm__nBdpSJG/agent/trajectory.json
Trajectory dumped to jobs/pilot7-glm47flash/prove-plus-comm__nBdpSJG/agent/trajectory.json
Trajectory dumped to jobs/pilot7-glm47flash/prove-plus-comm__nBdpSJG/agent/trajectory.json
Parser warnings: - No valid JSON object found
Trajectory dumped to jobs/pilot7-glm47flash/prove-plus-comm__nBdpSJG/agent/trajectory.json
Trajectory dumped to jobs/pilot7-glm47flash/prove-plus-comm__nBdpSJG/agent/trajectory.json
Trajectory dumped to jobs/pilot7-glm47flash/prove-plus-comm__nBdpSJG/agent/trajectory.json
Trajectory dumped to jobs/pilot7-glm47flash/prove-plus-comm__nBdpSJG/agent/trajectory.json
Trajectory dumped to jobs/pilot7-glm47flash/prove-plus-comm__nBdpSJG/agent/trajectory.json
Trajectory dumped to jobs/pilot7-glm47flash/prove-plus-comm__nBdpSJG/agent/trajectory.json
Trajectory dumped to jobs/pilot7-glm47flash/prove-plus-comm__nBdpSJG/agent/trajectory.json
Trajectory dumped to jobs/pilot7-glm47flash/prove-plus-comm__nBdpSJG/agent/trajectory.json
Trajectory dumped to jobs/pilot7-glm47flash/prove-plus-comm__nBdpSJG/agent/trajectory.json
Trajectory dumped to jobs/pilot7-glm47flash/prove-plus-comm__nBdpSJG/agent/trajectory.json
Trajectory dumped to jobs/pilot7-glm47flash/prove-plus-comm__nBdpSJG/agent/trajectory.json
Trajectory dumped to jobs/pilot7-glm47flash/prove-plus-comm__nBdpSJG/agent/trajectory.json
Trajectory dumped to jobs/pilot7-glm47flash/prove-plus-comm__nBdpSJG/agent/trajectory.json
Trajectory dumped to jobs/pilot7-glm47flash/prove-plus-comm__nBdpSJG/agent/trajectory.json
Trajectory dumped to jobs/pilot7-glm47flash/prove-plus-comm__nBdpSJG/agent/trajectory.json
Trajectory dumped to jobs/pilot7-glm47flash/prove-plus-comm__nBdpSJG/agent/trajectory.json
Trajectory dumped to jobs/pilot7-glm47flash/prove-plus-comm__nBdpSJG/agent/trajectory.json
Parser warnings: - Command 1 should end with newline when followed by another command. Otherwise the two commands will be concatenated together on the same line.
Trajectory dumped to jobs/pilot7-glm47flash/prove-plus-comm__nBdpSJG/agent/trajectory.json
Trajectory dumped to jobs/pilot7-glm47flash/prove-plus-comm__nBdpSJG/agent/trajectory.json
Trajectory dumped to jobs/pilot7-glm47flash/prove-plus-comm__nBdpSJG/agent/trajectory.json
Trajectory dumped to jobs/pilot7-glm47flash/prove-plus-comm__nBdpSJG/agent/trajectory.json
Trajectory dumped to jobs/pilot7-glm47flash/prove-plus-comm__nBdpSJG/agent/trajectory.json
Trajectory dumped to jobs/pilot7-glm47flash/prove-plus-comm__nBdpSJG/agent/trajectory.json
Trajectory dumped to jobs/pilot7-glm47flash/prove-plus-comm__nBdpSJG/agent/trajectory.json
Trajectory dumped to jobs/pilot7-glm47flash/prove-plus-comm__nBdpSJG/agent/trajectory.json
Trajectory dumped to jobs/pilot7-glm47flash/prove-plus-comm__nBdpSJG/agent/trajectory.json
Trajectory dumped to jobs/pilot7-glm47flash/prove-plus-comm__nBdpSJG/agent/trajectory.json
Trajectory dumped to jobs/pilot7-glm47flash/prove-plus-comm__nBdpSJG/agent/trajectory.json
Trajectory dumped to jobs/pilot7-glm47flash/prove-plus-comm__nBdpSJG/agent/trajectory.json
Trajectory dumped to jobs/pilot7-glm47flash/prove-plus-comm__nBdpSJG/agent/trajectory.json
Trajectory dumped to jobs/pilot7-glm47flash/prove-plus-comm__nBdpSJG/agent/trajectory.json
Trajectory dumped to jobs/pilot7-glm47flash/prove-plus-comm__nBdpSJG/agent/trajectory.json
Trajectory dumped to jobs/pilot7-glm47flash/prove-plus-comm__nBdpSJG/agent/trajectory.json
Trajectory dumped to jobs/pilot7-glm47flash/prove-plus-comm__nBdpSJG/agent/trajectory.json
Trajectory dumped to jobs/pilot7-glm47flash/prove-plus-comm__nBdpSJG/agent/trajectory.json
Trajectory dumped to jobs/pilot7-glm47flash/prove-plus-comm__nBdpSJG/agent/trajectory.json
Parser warnings: - Command 1 should end with newline when followed by another command. Otherwise the two commands will be concatenated together on the same line.
Trajectory dumped to jobs/pilot7-glm47flash/prove-plus-comm__nBdpSJG/agent/trajectory.json
Parser warnings: - Command 1 should end with newline when followed by another command. Otherwise the two commands will be concatenated together on the same line.
Trajectory dumped to jobs/pilot7-glm47flash/prove-plus-comm__nBdpSJG/agent/trajectory.json
Trajectory dumped to jobs/pilot7-glm47flash/prove-plus-comm__nBdpSJG/agent/trajectory.json
Trajectory dumped to jobs/pilot7-glm47flash/prove-plus-comm__nBdpSJG/agent/trajectory.json
Trajectory dumped to jobs/pilot7-glm47flash/prove-plus-comm__nBdpSJG/agent/trajectory.json
Trajectory dumped to jobs/pilot7-glm47flash/prove-plus-comm__nBdpSJG/agent/trajectory.json
Trajectory dumped to jobs/pilot7-glm47flash/prove-plus-comm__nBdpSJG/agent/trajectory.json
Trajectory dumped to jobs/pilot7-glm47flash/prove-plus-comm__nBdpSJG/agent/trajectory.json
Trajectory dumped to jobs/pilot7-glm47flash/prove-plus-comm__nBdpSJG/agent/trajectory.json
Trajectory dumped to jobs/pilot7-glm47flash/prove-plus-comm__nBdpSJG/agent/trajectory.json
Trajectory dumped to jobs/pilot7-glm47flash/prove-plus-comm__nBdpSJG/agent/trajectory.json
Trajectory dumped to jobs/pilot7-glm47flash/prove-plus-comm__nBdpSJG/agent/trajectory.json
Trajectory dumped to jobs/pilot7-glm47flash/prove-plus-comm__nBdpSJG/agent/trajectory.json
Trajectory dumped to jobs/pilot7-glm47flash/prove-plus-comm__nBdpSJG/agent/trajectory.json
Trajectory dumped to jobs/pilot7-glm47flash/prove-plus-comm__nBdpSJG/agent/trajectory.json
Trajectory dumped to jobs/pilot7-glm47flash/prove-plus-comm__nBdpSJG/agent/trajectory.json
Trajectory dumped to jobs/pilot7-glm47flash/prove-plus-comm__nBdpSJG/agent/trajectory.json
Trajectory dumped to jobs/pilot7-glm47flash/prove-plus-comm__nBdpSJG/agent/trajectory.json
Trajectory dumped to jobs/pilot7-glm47flash/prove-plus-comm__nBdpSJG/agent/trajectory.json
Trajectory dumped to jobs/pilot7-glm47flash/prove-plus-comm__nBdpSJG/agent/trajectory.json
Trajectory dumped to jobs/pilot7-glm47flash/prove-plus-comm__nBdpSJG/agent/trajectory.json
Trajectory dumped to jobs/pilot7-glm47flash/prove-plus-comm__nBdpSJG/agent/trajectory.json
Parser warnings: - No valid JSON object found
Trajectory dumped to jobs/pilot7-glm47flash/prove-plus-comm__nBdpSJG/agent/trajectory.json
Trajectory dumped to jobs/pilot7-glm47flash/prove-plus-comm__nBdpSJG/agent/trajectory.json
Trajectory dumped to jobs/pilot7-glm47flash/prove-plus-comm__nBdpSJG/agent/trajectory.json
Trajectory dumped to jobs/pilot7-glm47flash/prove-plus-comm__nBdpSJG/agent/trajectory.json
Trajectory dumped to jobs/pilot7-glm47flash/prove-plus-comm__nBdpSJG/agent/trajectory.json
Trajectory dumped to jobs/pilot7-glm47flash/prove-plus-comm__nBdpSJG/agent/trajectory.json
Trajectory dumped to jobs/pilot7-glm47flash/prove-plus-comm__nBdpSJG/agent/trajectory.json
Trajectory dumped to jobs/pilot7-glm47flash/prove-plus-comm__nBdpSJG/agent/trajectory.json
Trajectory dumped to jobs/pilot7-glm47flash/prove-plus-comm__nBdpSJG/agent/trajectory.json
Trajectory dumped to jobs/pilot7-glm47flash/prove-plus-comm__nBdpSJG/agent/trajectory.json
Trajectory dumped to jobs/pilot7-glm47flash/prove-plus-comm__nBdpSJG/agent/trajectory.json
Trajectory dumped to jobs/pilot7-glm47flash/prove-plus-comm__nBdpSJG/agent/trajectory.json
Trajectory dumped to jobs/pilot7-glm47flash/prove-plus-comm__nBdpSJG/agent/trajectory.json
Trajectory dumped to jobs/pilot7-glm47flash/prove-plus-comm__nBdpSJG/agent/trajectory.json
Trajectory dumped to jobs/pilot7-glm47flash/prove-plus-comm__nBdpSJG/agent/trajectory.json
Trajectory dumped to jobs/pilot7-glm47flash/prove-plus-comm__nBdpSJG/agent/trajectory.json
Trajectory dumped to jobs/pilot7-glm47flash/prove-plus-comm__nBdpSJG/agent/trajectory.json
Trajectory dumped to jobs/pilot7-glm47flash/prove-plus-comm__nBdpSJG/agent/trajectory.json
Trajectory dumped to jobs/pilot7-glm47flash/prove-plus-comm__nBdpSJG/agent/trajectory.json
Trajectory dumped to jobs/pilot7-glm47flash/prove-plus-comm__nBdpSJG/agent/trajectory.json
Trajectory dumped to jobs/pilot7-glm47flash/prove-plus-comm__nBdpSJG/agent/trajectory.json
Trajectory dumped to jobs/pilot7-glm47flash/prove-plus-comm__nBdpSJG/agent/trajectory.json
Trajectory dumped to jobs/pilot7-glm47flash/prove-plus-comm__nBdpSJG/agent/trajectory.json
Trajectory dumped to jobs/pilot7-glm47flash/prove-plus-comm__nBdpSJG/agent/trajectory.json
Trajectory dumped to jobs/pilot7-glm47flash/prove-plus-comm__nBdpSJG/agent/trajectory.json
Trajectory dumped to jobs/pilot7-glm47flash/prove-plus-comm__nBdpSJG/agent/trajectory.json
Trajectory dumped to jobs/pilot7-glm47flash/prove-plus-comm__nBdpSJG/agent/trajectory.json
Trajectory dumped to jobs/pilot7-glm47flash/prove-plus-comm__nBdpSJG/agent/trajectory.json
Trajectory dumped to jobs/pilot7-glm47flash/prove-plus-comm__nBdpSJG/agent/trajectory.json
Trajectory dumped to jobs/pilot7-glm47flash/prove-plus-comm__nBdpSJG/agent/trajectory.json
Trajectory dumped to jobs/pilot7-glm47flash/prove-plus-comm__nBdpSJG/agent/trajectory.json
Trajectory dumped to jobs/pilot7-glm47flash/prove-plus-comm__nBdpSJG/agent/trajectory.json
Trajectory dumped to jobs/pilot7-glm47flash/prove-plus-comm__nBdpSJG/agent/trajectory.json
Trajectory dumped to jobs/pilot7-glm47flash/prove-plus-comm__nBdpSJG/agent/trajectory.json
Trajectory dumped to jobs/pilot7-glm47flash/prove-plus-comm__nBdpSJG/agent/trajectory.json
Trajectory dumped to jobs/pilot7-glm47flash/prove-plus-comm__nBdpSJG/agent/trajectory.json
Trajectory dumped to jobs/pilot7-glm47flash/prove-plus-comm__nBdpSJG/agent/trajectory.json
Trajectory dumped to jobs/pilot7-glm47flash/prove-plus-comm__nBdpSJG/agent/trajectory.json
Parser warnings: - No valid JSON object found
Trajectory dumped to jobs/pilot7-glm47flash/prove-plus-comm__nBdpSJG/agent/trajectory.json
Trajectory dumped to jobs/pilot7-glm47flash/prove-plus-comm__nBdpSJG/agent/trajectory.json
Trajectory dumped to jobs/pilot7-glm47flash/prove-plus-comm__nBdpSJG/agent/trajectory.json
Parser warnings: - Command 1 should end with newline when followed by another command. Otherwise the two commands will be concatenated together on the same line.
Trajectory dumped to jobs/pilot7-glm47flash/prove-plus-comm__nBdpSJG/agent/trajectory.json
Trajectory dumped to jobs/pilot7-glm47flash/prove-plus-comm__nBdpSJG/agent/trajectory.json
Trajectory dumped to jobs/pilot7-glm47flash/prove-plus-comm__nBdpSJG/agent/trajectory.json
Trajectory dumped to jobs/pilot7-glm47flash/prove-plus-comm__nBdpSJG/agent/trajectory.json
Trajectory dumped to jobs/pilot7-glm47flash/prove-plus-comm__nBdpSJG/agent/trajectory.json
Trajectory dumped to jobs/pilot7-glm47flash/prove-plus-comm__nBdpSJG/agent/trajectory.json
Trajectory dumped to jobs/pilot7-glm47flash/prove-plus-comm__nBdpSJG/agent/trajectory.json
Trajectory dumped to jobs/pilot7-glm47flash/prove-plus-comm__nBdpSJG/agent/trajectory.json
Trajectory dumped to jobs/pilot7-glm47flash/prove-plus-comm__nBdpSJG/agent/trajectory.json
Trajectory dumped to jobs/pilot7-glm47flash/prove-plus-comm__nBdpSJG/agent/trajectory.json
Trajectory dumped to jobs/pilot7-glm47flash/prove-plus-comm__nBdpSJG/agent/trajectory.json
Trajectory dumped to jobs/pilot7-glm47flash/prove-plus-comm__nBdpSJG/agent/trajectory.json
Trajectory dumped to jobs/pilot7-glm47flash/prove-plus-comm__nBdpSJG/agent/trajectory.json
Trajectory dumped to jobs/pilot7-glm47flash/prove-plus-comm__nBdpSJG/agent/trajectory.json
Trajectory dumped to jobs/pilot7-glm47flash/prove-plus-comm__nBdpSJG/agent/trajectory.json
Trajectory dumped to jobs/pilot7-glm47flash/prove-plus-comm__nBdpSJG/agent/trajectory.json
Trajectory dumped to jobs/pilot7-glm47flash/prove-plus-comm__nBdpSJG/agent/trajectory.json
Trajectory dumped to jobs/pilot7-glm47flash/prove-plus-comm__nBdpSJG/agent/trajectory.json
Trajectory dumped to jobs/pilot7-glm47flash/prove-plus-comm__nBdpSJG/agent/trajectory.json
Trajectory dumped to jobs/pilot7-glm47flash/prove-plus-comm__nBdpSJG/agent/trajectory.json
Trajectory dumped to jobs/pilot7-glm47flash/prove-plus-comm__nBdpSJG/agent/trajectory.json
Trajectory dumped to jobs/pilot7-glm47flash/prove-plus-comm__nBdpSJG/agent/trajectory.json
Trajectory dumped to jobs/pilot7-glm47flash/prove-plus-comm__nBdpSJG/agent/trajectory.json
Trajectory dumped to jobs/pilot7-glm47flash/prove-plus-comm__nBdpSJG/agent/trajectory.json
Trajectory dumped to jobs/pilot7-glm47flash/prove-plus-comm__nBdpSJG/agent/trajectory.json
Trajectory dumped to jobs/pilot7-glm47flash/prove-plus-comm__nBdpSJG/agent/trajectory.json
Trajectory dumped to jobs/pilot7-glm47flash/prove-plus-comm__nBdpSJG/agent/trajectory.json
Trajectory dumped to jobs/pilot7-glm47flash/prove-plus-comm__nBdpSJG/agent/trajectory.json
Trajectory dumped to jobs/pilot7-glm47flash/prove-plus-comm__nBdpSJG/agent/trajectory.json
Trajectory dumped to jobs/pilot7-glm47flash/prove-plus-comm__nBdpSJG/agent/trajectory.json
Trajectory dumped to jobs/pilot7-glm47flash/prove-plus-comm__nBdpSJG/agent/trajectory.json
Trajectory dumped to jobs/pilot7-glm47flash/prove-plus-comm__nBdpSJG/agent/trajectory.json
Trajectory dumped to jobs/pilot7-glm47flash/prove-plus-comm__nBdpSJG/agent/trajectory.json
Trajectory dumped to jobs/pilot7-glm47flash/prove-plus-comm__nBdpSJG/agent/trajectory.json
Trajectory dumped to jobs/pilot7-glm47flash/prove-plus-comm__nBdpSJG/agent/trajectory.json
Trajectory dumped to jobs/pilot7-glm47flash/prove-plus-comm__nBdpSJG/agent/trajectory.json
Trajectory dumped to jobs/pilot7-glm47flash/prove-plus-comm__nBdpSJG/agent/trajectory.json
Trajectory dumped to jobs/pilot7-glm47flash/prove-plus-comm__nBdpSJG/agent/trajectory.json
Trajectory dumped to jobs/pilot7-glm47flash/prove-plus-comm__nBdpSJG/agent/trajectory.json
Trajectory dumped to jobs/pilot7-glm47flash/prove-plus-comm__nBdpSJG/agent/trajectory.json
Trajectory dumped to jobs/pilot7-glm47flash/prove-plus-comm__nBdpSJG/agent/trajectory.json
Trajectory dumped to jobs/pilot7-glm47flash/prove-plus-comm__nBdpSJG/agent/trajectory.json
Trajectory dumped to jobs/pilot7-glm47flash/prove-plus-comm__nBdpSJG/agent/trajectory.json
Trajectory dumped to jobs/pilot7-glm47flash/prove-plus-comm__nBdpSJG/agent/trajectory.json
Trajectory dumped to jobs/pilot7-glm47flash/prove-plus-comm__nBdpSJG/agent/trajectory.json
Trajectory dumped to jobs/pilot7-glm47flash/prove-plus-comm__nBdpSJG/agent/trajectory.json
Trajectory dumped to jobs/pilot7-glm47flash/prove-plus-comm__nBdpSJG/agent/trajectory.json
Trajectory dumped to jobs/pilot7-glm47flash/prove-plus-comm__nBdpSJG/agent/trajectory.json
Trajectory dumped to jobs/pilot7-glm47flash/prove-plus-comm__nBdpSJG/agent/trajectory.json
Trajectory dumped to jobs/pilot7-glm47flash/prove-plus-comm__nBdpSJG/agent/trajectory.json
Trajectory dumped to jobs/pilot7-glm47flash/prove-plus-comm__nBdpSJG/agent/trajectory.json
Trajectory dumped to jobs/pilot7-glm47flash/prove-plus-comm__nBdpSJG/agent/trajectory.json
Collecting main service artifacts
